// Jest Snapshot v1, https://goo.gl/fbAQLP

exports[`Header should renders without crashing  1`] = `
<DocumentFragment>
  <header>
    EVENTIFY
  </header>
</DocumentFragment>
`;
