// Jest Snapshot v1, https://goo.gl/fbAQLP

exports[`Footer should renders without crashing  1`] = `
<DocumentFragment>
  <div
    class="Footer"
  >
    <footer>
      Themes
    </footer>
  </div>
</DocumentFragment>
`;
